{
    "apn_db_server_administrator_login_password_vault_path": {
        "sensitive": false,
        "type": "string",
        "value": "padas-app/main/partner/apn/azurerm-postgresql-server-administrator-login-password"
    },
    "apn_db_server_fqdn": {
        "sensitive": false,
        "type": "string",
        "value": "das-postgres-apn.postgres.database.azure.com"
    },
    "apn_db_server_name": {
        "sensitive": false,
        "type": "string",
        "value": "das-postgres-apn"
    },
    "bangweulu_db_login_password_vault_path": {
        "sensitive": false,
        "type": "string",
        "value": "padas-app/main/partner/apn/site/bangweulu/azurerm-postgresql-server-site-password"
    },
    "bangweulu_db_name": {
        "sensitive": false,
        "type": "string",
        "value": "bangweulu"
    },
    "bangweulu_dns_name": {
        "sensitive": false,
        "type": "string",
        "value": "bangweulu.pamdas.org"
    },
    "bangweulu_public_ip_address": {
        "sensitive": false,
        "type": "string",
        "value": "13.80.135.77"
    },
    "bangweulu_storage_account_name": {
        "sensitive": false,
        "type": "string",
        "value": "bangweulufc2b1961"
    },
    "bangweulu_storage_account_primary_access_key_vault_path": {
        "sensitive": false,
        "type": "string",
        "value": "padas-app/main/partner/site/bangweulu/azurerm-storage-account-primary-access-key"
    },
    "bangweulu_storage_container_name": {
        "sensitive": false,
        "type": "string",
        "value": "assets"
    },
    "garamba_db_login_password_vault_path": {
        "sensitive": false,
        "type": "string",
        "value": "padas-app/main/partner/apn/site/garamba/azurerm-postgresql-server-site-password"
    },
    "garamba_db_name": {
        "sensitive": false,
        "type": "string",
        "value": "garamba"
    },
    "garamba_dns_name": {
        "sensitive": false,
        "type": "string",
        "value": "garamba.pamdas.org"
    },
    "garamba_public_ip_address": {
        "sensitive": false,
        "type": "string",
        "value": "137.117.199.183"
    },
    "garamba_storage_account_name": {
        "sensitive": false,
        "type": "string",
        "value": "garamba04e2ec60"
    },
    "garamba_storage_account_primary_access_key_vault_path": {
        "sensitive": false,
        "type": "string",
        "value": "padas-app/main/partner/site/garamba/azurerm-storage-account-primary-access-key"
    },
    "garamba_storage_container_name": {
        "sensitive": false,
        "type": "string",
        "value": "assets"
    }
}
